This is the included file with a return value.
Result of include is 2468.
