Data test top
Row: 
  a: 1
  b: 2.2
  c: Three:top
Rows: 
  a: 1
  b: 2.2
  c: Three:top
  a: 11
  b: 12.2
  c: Thirteen:top
  a: 21
  b: 22.2
  c: Twentythree:top
