Report for companyid x
Company data:

    Name: Example, Inc.

People in that company:

    First name: John
    Last name:  Doe

    First name: Jane
    Last name:  Doe

